// Jest Snapshot v1, https://goo.gl/fbAQLP

exports[`getPlayersSummary Saga should call the playersSummaryLoadingError action if the response errors 1`] = `
Object {
  "@@redux-saga/IO": true,
  "combinator": false,
  "payload": Object {
    "args": Array [
      "/mock",
    ],
    "context": null,
    "fn": [Function],
  },
  "type": "CALL",
}
`;

exports[`getPlayersSummary Saga should dispatch the playersSummaryLoaded action if it requests the data successfully 1`] = `
Object {
  "@@redux-saga/IO": true,
  "combinator": false,
  "payload": Object {
    "args": Array [
      "/mock",
    ],
    "context": null,
    "fn": [Function],
  },
  "type": "CALL",
}
`;
